// Jest Snapshot v1, https://goo.gl/fbAQLP

exports[`<SimpleAnimation /> should render null when props.children does not exist 1`] = `null`;
